[0814/150145.831:ERROR:services\webnn\tflite\sam_runner\sam_encoder_runner.cc:363] [runner] model=C:/Users/junweifu/workspace/tflite-dump-model/new_segment_anything_encoder.tflite bytes=183899272
INFO: [environment.cc:36] Creating LiteRT environment with options
INFO: [gpu_registry.cc:101] Attempting to load GPU accelerator(l).
INFO: [gpu_registry.cc:101] Attempting to load GPU accelerator(l).
INFO: [accelerator_registry.cc:54] RegisterAccelerator: ptr=00004540000AC0C0, name=GPU WebGPU
INFO: [gpu_registry.cc:109] Dynamically loaded GPU accelerator(libLiteRtWebGpuAccelerator.dll) registered.
INFO: [accelerator_registry.cc:54] RegisterAccelerator: ptr=00004540000AC480, name=CpuAccelerator
INFO: [cpu_registry.cc:75] XNNPACK CPU accelerator registered.
[0814/150145.841:ERROR:services\webnn\tflite\sam_runner\sam_encoder_runner.cc:394] [runner] CompiledModel::Create START (mode=gpu-only)
INFO: [compiled_model.cc:827] Flatbuffer model initialized directly from incoming litert model.
[webnn-oom] OptimizeMemoryForLargeTensors: converted=0 skipped_input=0 skipped_bytes=0 total=0
[webnn-oom] OptimizeMemoryForLargeTensors: converted=1054 skipped_input=1 skipped_bytes=230 total=1840
[webnn-oom] OptimizeMemoryForLargeTensors: converted=0 skipped_input=1 skipped_bytes=230 total=1840
WARNING: All log messages before absl::InitializeLog() is called are written to STDERR
I0000 00:00:1786690905.860522   31260 delegate_webgpu.cc:217] Create WebGPU environment (use_low_power=false, enable_host_mapped_pointer=true)
I0000 00:00:1786690905.974392   31260 environment.cc:525] Selected adapter: Microsoft Basic Render Driver, arch=warp, vendor=microsoft, backend=Direct3D 12, adapterType=CPU / Software
I0000 00:00:1786690905.990182   31260 delegate_webgpu.cc:244] Created a WebGPU environment.
INFO: [environment.cc:47] Adding options to the existing LiteRT environment
INFO: [gpu_environment.cc:367] Failed to create OpenCL context.
INFO: [gpu_environment.h:155] Created LiteRT GpuEnvironment.
INFO: [environment.cc:47] Adding options to the existing LiteRT environment
I0000 00:00:1786690905.990560   31260 delegate_webgpu.cc:701] # of threads to upload weights = 0
I0000 00:00:1786690905.990645   31260 delegate_webgpu.cc:709] # of threads to compile kernels = 0
[webnn-delegate] ModifyGraphWithDelegateImpl: flags=1 supports_dynamic=1 hint_full=0 pre_state=0
I0000 00:00:1786690912.334579   31260 delegate_kernel.cc:871] Initializing WebGPU-based API from graph.
E0000 00:00:1786690915.917009   31260 environment.cc:104] Validation error: Error while parsing WGSL: :12:25 error: 'f16' type used without 'f16' extension enabled
const Bt_buffer = array<f16, 36>(
                        ^^^


 - While calling [Device].CreateShaderModule([ShaderModuleDescriptor]).

E0000 00:00:1786690915.917183   31260 environment.cc:104] Validation error: [Invalid ShaderModule (unlabeled)] is invalid due to a previous error.
 - While validating compute stage ([Invalid ShaderModule (unlabeled)], entryPoint: "main").
 - While calling [Device].CreateComputePipeline([ComputePipelineDescriptor]).

E0000 00:00:1786690915.919347   31260 environment.cc:104] Validation error: Error while parsing WGSL: :24:25 error: 'f16' type used without 'f16' extension enabled
const At_buffer = array<f16, 24>(
                        ^^^


 - While calling [Device].CreateShaderModule([ShaderModuleDescriptor]).

E0000 00:00:1786690915.919389   31260 environment.cc:104] Validation error: [Invalid ShaderModule (unlabeled)] is invalid due to a previous error.
 - While validating compute stage ([Invalid ShaderModule (unlabeled)], entryPoint: "main").
 - While calling [Device].CreateComputePipeline([ComputePipelineDescriptor]).

[webnn-delegate] STEP3: no allocation needed
[0814/150155.986:ERROR:services\webnn\tflite\sam_runner\sam_encoder_runner.cc:411] [runner] CompiledModel::Create DONE in 10144 ms. IsFullyAccelerated=1
[0814/150155.986:ERROR:services\webnn\tflite\sam_runner\sam_encoder_runner.cc:131] [compile] LiteRT diagnostics:
[WebNN][GPU-delegate] All 1260 operations are supported by GPU delegate.
========[WebNN][delegate_webgpu.cc] 1260 ops on GPU, 0 ops on CPU
[WebNN][delegate] DelegatePrepare: replacing 1260 ops
[WebNN][delegate] BuildFinalModel START
[WebNN][BuildFinalModel] BuildModel START
[WebNN][BuildFinalModel] BuildModel DONE, running transformations...
[WebNN][BuildFinalModel] Transformations DONE
[WebNN][delegate] BuildFinalModel DONE
[WebNN][delegate] GraphToGpuModel START (1211 nodes)
[WebNN][delegate] GraphToGpuModel DONE
[WebNN][delegate] ReplaceNodeSubsetsWithDelegateKernels OK

I0000 00:00:1786690916.110755   31260 delegate_webgpu.cc:274] Destroyed the WebGPU environment.
INFO: [accelerator_registry.cc:43] DestroyAccelerator: ptr=00004540000AC480, name=CpuAccelerator
INFO: [accelerator_registry.cc:43] DestroyAccelerator: ptr=00004540000AC0C0, name=GPU WebGPU
EXIT=0
